((lambda (x.0)
  (let ((y.0 3)
        (x.1 (+ x.0 1)))
        (* x.1 2))) 10)
