(lambda (x.0) (lambda (y.0) (lambda (x.1) (lambda (y.1) (+ x.1 y.1)))))

(let ((x.2 1)) (lambda (y.2) (lambda (x.3) (let ((y.3 2)) (+ x.3 y.3)))))
