(dfine x.0 (lambda (x.1) (let ([x.2 (+ 3 x.1)]) x.2)))

(define y.0 (lambda (x.3) (let ([x.4 (+ 3 x.3)]) z.-1)))

(define x.5 3)

(lambda (z.0) (let ([z.1 (+ 3 x.5)]) z.1))
