(cons 1 (cons 2 (cons 3 (cons 4 (cons 5 (cons 6 empty))))))
